// Jest Snapshot v1, https://goo.gl/fbAQLP

exports[`renders without crashing 1`] = `
<div>
  <main
    class="sc-fzqAbL emdVaB"
  >
    <div
      class="sc-AxhCb kicRlZ"
    />
  </main>
   
</div>
`;
