// Jest Snapshot v1, https://goo.gl/fbAQLP

exports[`renders without crashing 1`] = `
<div>
  <div
    class="sc-AxjAm hoPHcu"
  >
    <svg
      class="svg-inline--fa fad-walking fa-lg"
      color="#34495E"
    />
    <span>
      
    </span>
  </div>
</div>
`;
