// Jest Snapshot v1, https://goo.gl/fbAQLP

exports[`renders without crashing 1`] = `
<div>
  <div
    class="sc-AxhCb kicRlZ"
  />
</div>
`;
