// Jest Snapshot v1, https://goo.gl/fbAQLP

exports[`renders without crashing 1`] = `
<div>
  <section
    class="sc-AxjAm lguFjZ"
  >
    <div
      style="width: 100%; height: 100%; margin: 0px; padding: 0px; position: relative;"
    >
      <div
        style="width: 100%; height: 100%; left: 0px; top: 0px; margin: 0px; padding: 0px; position: absolute;"
      />
      <div
        style="width: 50%; height: 50%; left: 50%; top: 50%; margin: 0px; padding: 0px; position: absolute;"
      >
        <div
          style="width: 100%; height: 100%; left: 0px; top: 0px; margin: 0px; padding: 0px; position: absolute;"
        >
          <div
            style="width: 0px; height: 0px; left: 0px; top: 0px; background-color: transparent; position: absolute;"
          >
            <span
              class="sc-AxirZ fjeuzW"
            >
              <svg
                class="svg-inline--fa fas-map-marker-alt fa-3x"
                color="#31CC71"
              />
            </span>
          </div>
          <div
            style="width: 0px; height: 0px; left: 0px; top: 0px; background-color: transparent; position: absolute;"
          >
            <span
              class="sc-AxirZ fjeuzW"
            >
              <svg
                class="svg-inline--fa fas-map-marker-alt fa-3x"
                color="#00BCD4"
              />
            </span>
          </div>
        </div>
      </div>
    </div>
  </section>
</div>
`;
