// Jest Snapshot v1, https://goo.gl/fbAQLP

exports[`renders without crashing 1`] = `
<div>
  <section
    class="sc-AxgMl hrVdCS"
  >
    <span>
      Suggested
    </span>
  </section>
</div>
`;
